// Jest Snapshot v1, https://goo.gl/fbAQLP

exports[`Admin component matches snapshot 1`] = `
<div
  className="Admin"
/>
`;
