// Jest Snapshot v1, https://goo.gl/fbAQLP

exports[`Project component matches snapshot 1`] = `
<div
  className="Project"
/>
`;
